// Jest Snapshot v1, https://goo.gl/fbAQLP

exports[`ControlForm Should render correctly 1`] = `ShallowWrapper {}`;
