// Jest Snapshot v1, https://goo.gl/fbAQLP

exports[`Color Generator Should render correctly 1`] = `ShallowWrapper {}`;
