// Jest Snapshot v1, https://goo.gl/fbAQLP

exports[`DropDown Should render correctly 1`] = `ShallowWrapper {}`;
